
==============================================================================
1. DATASET EXPLORATION
==============================================================================
    clase  train  test  total
GuideSign   1171    62   1233
       M1    247    14    261
       M4   3206   169   3375
       M5    213    12    225
       M6    134     8    142
       M7    469    25    494
       P1    249    14    263
   P10_50     95     6    101
      P12     95     6    101
       W1    145     8    153

Total train: 6024 — Total test: 324
Clases: 10 — ['GuideSign', 'M1', 'M4', 'M5', 'M6', 'M7', 'P1', 'P10_50', 'P12', 'W1']

Ancho  — min: 224, max: 224, media: 224.0
Alto   — min: 224, max: 224, media: 224.0
Modos de imagen: {'RGB'}

Exploración guardada en: /Users/abelalbuez/Documents/Maestria/Tercer Semestre/Aprendizaje Profundo/deep-learning-class/traffic-sign-cnn-classifier/outputs/exploration

==============================================================================
2. DATASET CONSTRUCTION
==============================================================================
Found 4823 images belonging to 10 classes.
Found 1201 images belonging to 10 classes.
Found 324 images belonging to 10 classes.
Train muestras: 4823
Val muestras:   1201
Test muestras:  324
Mapeo clases:   {'GuideSign': 0, 'M1': 1, 'M4': 2, 'M5': 3, 'M6': 4, 'M7': 5, 'P1': 6, 'P10_50': 7, 'P12': 8, 'W1': 9}

==============================================================================
3. EXPERIMENT LOOP
==============================================================================
No hay resultados previos — se ejecutará la grilla completa.
Combinaciones totales: 24

--- Ejecutando model1_e10_bs4 ---
Found 4823 images belonging to 10 classes.
Found 1201 images belonging to 10 classes.
Found 324 images belonging to 10 classes.
Epoch 1/10
1206/1206 - 21s - 17ms/step - accuracy: 0.7842 - loss: 0.7011 - val_accuracy: 0.8801 - val_loss: 0.4217
Epoch 2/10
1206/1206 - 3s - 3ms/step - accuracy: 0.9032 - loss: 0.3398 - val_accuracy: 0.9001 - val_loss: 0.3583
Epoch 3/10
1206/1206 - 3s - 2ms/step - accuracy: 0.9291 - loss: 0.2562 - val_accuracy: 0.9226 - val_loss: 0.2753
Epoch 4/10
1206/1206 - 3s - 2ms/step - accuracy: 0.9436 - loss: 0.2027 - val_accuracy: 0.9417 - val_loss: 0.2299
Epoch 5/10
1206/1206 - 3s - 2ms/step - accuracy: 0.9511 - loss: 0.1682 - val_accuracy: 0.9459 - val_loss: 0.2302
Epoch 6/10
1206/1206 - 3s - 2ms/step - accuracy: 0.9589 - loss: 0.1443 - val_accuracy: 0.9484 - val_loss: 0.2170
Epoch 7/10
1206/1206 - 3s - 2ms/step - accuracy: 0.9623 - loss: 0.1252 - val_accuracy: 0.9467 - val_loss: 0.2570
Epoch 8/10
1206/1206 - 3s - 2ms/step - accuracy: 0.9666 - loss: 0.1119 - val_accuracy: 0.9492 - val_loss: 0.2211
Epoch 9/10
1206/1206 - 3s - 2ms/step - accuracy: 0.9722 - loss: 0.0960 - val_accuracy: 0.9492 - val_loss: 0.2229
Epoch 10/10
1206/1206 - 2s - 2ms/step - accuracy: 0.9766 - loss: 0.0799 - val_accuracy: 0.9392 - val_loss: 0.2755
    train_acc=0.9766 val_acc=0.9392 test_acc=0.9537
    precision=0.9563 recall=0.9537 f1=0.9526
    tiempo=44.9s — guardado en /Users/abelalbuez/Documents/Maestria/Tercer Semestre/Aprendizaje Profundo/deep-learning-class/traffic-sign-cnn-classifier/outputs/models/model1_e10_bs4.keras

--- Ejecutando model1_e10_bs16 ---
Found 4823 images belonging to 10 classes.
Found 1201 images belonging to 10 classes.
Found 324 images belonging to 10 classes.
Epoch 1/10
302/302 - 3s - 9ms/step - accuracy: 0.7342 - loss: 0.8532 - val_accuracy: 0.8659 - val_loss: 0.4618
Epoch 2/10
302/302 - 2s - 7ms/step - accuracy: 0.8768 - loss: 0.4250 - val_accuracy: 0.8743 - val_loss: 0.3926
Epoch 3/10
302/302 - 2s - 8ms/step - accuracy: 0.9106 - loss: 0.3298 - val_accuracy: 0.9209 - val_loss: 0.2892
Epoch 4/10
302/302 - 3s - 8ms/step - accuracy: 0.9252 - loss: 0.2727 - val_accuracy: 0.8893 - val_loss: 0.4084
Epoch 5/10
302/302 - 3s - 9ms/step - accuracy: 0.9339 - loss: 0.2328 - val_accuracy: 0.9334 - val_loss: 0.2465
Epoch 6/10
302/302 - 3s - 9ms/step - accuracy: 0.9422 - loss: 0.2042 - val_accuracy: 0.9467 - val_loss: 0.2179
Epoch 7/10
302/302 - 3s - 8ms/step - accuracy: 0.9536 - loss: 0.1750 - val_accuracy: 0.9217 - val_loss: 0.2771
Epoch 8/10
302/302 - 2s - 8ms/step - accuracy: 0.9558 - loss: 0.1595 - val_accuracy: 0.9442 - val_loss: 0.2206
Epoch 9/10
302/302 - 3s - 10ms/step - accuracy: 0.9581 - loss: 0.1426 - val_accuracy: 0.9442 - val_loss: 0.1900
Epoch 10/10
302/302 - 2s - 8ms/step - accuracy: 0.9672 - loss: 0.1215 - val_accuracy: 0.9500 - val_loss: 0.2052
    train_acc=0.9672 val_acc=0.95 test_acc=0.963
    precision=0.9663 recall=0.963 f1=0.9618
    tiempo=25.4s — guardado en /Users/abelalbuez/Documents/Maestria/Tercer Semestre/Aprendizaje Profundo/deep-learning-class/traffic-sign-cnn-classifier/outputs/models/model1_e10_bs16.keras

--- Ejecutando model1_e10_bs32 ---
Found 4823 images belonging to 10 classes.
Found 1201 images belonging to 10 classes.
Found 324 images belonging to 10 classes.
Epoch 1/10
151/151 - 3s - 19ms/step - accuracy: 0.6824 - loss: 1.0041 - val_accuracy: 0.8160 - val_loss: 0.5904
Epoch 2/10
151/151 - 2s - 15ms/step - accuracy: 0.8470 - loss: 0.5204 - val_accuracy: 0.8743 - val_loss: 0.4430
Epoch 3/10
151/151 - 2s - 15ms/step - accuracy: 0.8889 - loss: 0.3843 - val_accuracy: 0.9084 - val_loss: 0.3438
Epoch 4/10
151/151 - 2s - 15ms/step - accuracy: 0.9142 - loss: 0.3182 - val_accuracy: 0.8951 - val_loss: 0.3997
Epoch 5/10
151/151 - 2s - 15ms/step - accuracy: 0.9245 - loss: 0.2729 - val_accuracy: 0.9226 - val_loss: 0.2832
Epoch 6/10
151/151 - 2s - 15ms/step - accuracy: 0.9361 - loss: 0.2393 - val_accuracy: 0.9242 - val_loss: 0.2581
Epoch 7/10
151/151 - 2s - 14ms/step - accuracy: 0.9405 - loss: 0.2133 - val_accuracy: 0.9309 - val_loss: 0.2334
Epoch 8/10
151/151 - 2s - 15ms/step - accuracy: 0.9459 - loss: 0.1976 - val_accuracy: 0.9392 - val_loss: 0.2157
Epoch 9/10
151/151 - 2s - 15ms/step - accuracy: 0.9465 - loss: 0.1825 - val_accuracy: 0.9459 - val_loss: 0.2246
Epoch 10/10
151/151 - 2s - 14ms/step - accuracy: 0.9567 - loss: 0.1588 - val_accuracy: 0.9484 - val_loss: 0.2077
    train_acc=0.9567 val_acc=0.9484 test_acc=0.9568
    precision=0.9575 recall=0.9568 f1=0.9544
    tiempo=22.8s — guardado en /Users/abelalbuez/Documents/Maestria/Tercer Semestre/Aprendizaje Profundo/deep-learning-class/traffic-sign-cnn-classifier/outputs/models/model1_e10_bs32.keras

--- Ejecutando model1_e10_bs64 ---
Found 4823 images belonging to 10 classes.
Found 1201 images belonging to 10 classes.
Found 324 images belonging to 10 classes.
Epoch 1/10
76/76 - 3s - 34ms/step - accuracy: 0.6311 - loss: 1.1200 - val_accuracy: 0.7685 - val_loss: 0.7390
Epoch 2/10
76/76 - 2s - 30ms/step - accuracy: 0.7989 - loss: 0.6374 - val_accuracy: 0.8576 - val_loss: 0.5180
Epoch 3/10
76/76 - 2s - 25ms/step - accuracy: 0.8654 - loss: 0.4754 - val_accuracy: 0.8784 - val_loss: 0.4106
Epoch 4/10
76/76 - 2s - 24ms/step - accuracy: 0.8920 - loss: 0.3903 - val_accuracy: 0.8943 - val_loss: 0.3648
Epoch 5/10
76/76 - 2s - 24ms/step - accuracy: 0.9092 - loss: 0.3400 - val_accuracy: 0.9009 - val_loss: 0.3606
Epoch 6/10
76/76 - 2s - 22ms/step - accuracy: 0.9164 - loss: 0.3046 - val_accuracy: 0.9067 - val_loss: 0.3147
Epoch 7/10
76/76 - 2s - 23ms/step - accuracy: 0.9258 - loss: 0.2720 - val_accuracy: 0.8993 - val_loss: 0.3733
Epoch 8/10
76/76 - 2s - 23ms/step - accuracy: 0.9307 - loss: 0.2582 - val_accuracy: 0.9134 - val_loss: 0.2914
Epoch 9/10
76/76 - 2s - 23ms/step - accuracy: 0.9326 - loss: 0.2409 - val_accuracy: 0.9284 - val_loss: 0.2692
Epoch 10/10
76/76 - 2s - 24ms/step - accuracy: 0.9390 - loss: 0.2139 - val_accuracy: 0.9259 - val_loss: 0.2557
    train_acc=0.939 val_acc=0.9259 test_acc=0.9414
    precision=0.9432 recall=0.9414 f1=0.9365
    tiempo=19.3s — guardado en /Users/abelalbuez/Documents/Maestria/Tercer Semestre/Aprendizaje Profundo/deep-learning-class/traffic-sign-cnn-classifier/outputs/models/model1_e10_bs64.keras

--- Ejecutando model1_e20_bs4 ---
Found 4823 images belonging to 10 classes.
Found 1201 images belonging to 10 classes.
Found 324 images belonging to 10 classes.
Epoch 1/20
1206/1206 - 3s - 3ms/step - accuracy: 0.7937 - loss: 0.6741 - val_accuracy: 0.8901 - val_loss: 0.3690
Epoch 2/20
1206/1206 - 3s - 2ms/step - accuracy: 0.9121 - loss: 0.3182 - val_accuracy: 0.8943 - val_loss: 0.3215
Epoch 3/20
1206/1206 - 3s - 2ms/step - accuracy: 0.9330 - loss: 0.2385 - val_accuracy: 0.9359 - val_loss: 0.2302
Epoch 4/20
1206/1206 - 3s - 2ms/step - accuracy: 0.9403 - loss: 0.1923 - val_accuracy: 0.9442 - val_loss: 0.2207
Epoch 5/20
1206/1206 - 3s - 2ms/step - accuracy: 0.9521 - loss: 0.1599 - val_accuracy: 0.9459 - val_loss: 0.2360
Epoch 6/20
1206/1206 - 3s - 2ms/step - accuracy: 0.9629 - loss: 0.1296 - val_accuracy: 0.9534 - val_loss: 0.2054
Epoch 7/20
1206/1206 - 3s - 2ms/step - accuracy: 0.9674 - loss: 0.1139 - val_accuracy: 0.9351 - val_loss: 0.2326
Epoch 8/20
1206/1206 - 3s - 2ms/step - accuracy: 0.9685 - loss: 0.1028 - val_accuracy: 0.9584 - val_loss: 0.1878
Epoch 9/20
1206/1206 - 3s - 2ms/step - accuracy: 0.9739 - loss: 0.0856 - val_accuracy: 0.9542 - val_loss: 0.2081
Epoch 10/20
1206/1206 - 3s - 2ms/step - accuracy: 0.9782 - loss: 0.0718 - val_accuracy: 0.9417 - val_loss: 0.2463
Epoch 11/20
1206/1206 - 3s - 2ms/step - accuracy: 0.9797 - loss: 0.0704 - val_accuracy: 0.9600 - val_loss: 0.2060
Epoch 12/20
1206/1206 - 3s - 2ms/step - accuracy: 0.9811 - loss: 0.0645 - val_accuracy: 0.9284 - val_loss: 0.3921
Epoch 13/20
1206/1206 - 3s - 2ms/step - accuracy: 0.9832 - loss: 0.0639 - val_accuracy: 0.9575 - val_loss: 0.2287
Epoch 14/20
1206/1206 - 3s - 2ms/step - accuracy: 0.9828 - loss: 0.0534 - val_accuracy: 0.9584 - val_loss: 0.2489
Epoch 15/20
1206/1206 - 3s - 2ms/step - accuracy: 0.9851 - loss: 0.0543 - val_accuracy: 0.9500 - val_loss: 0.2363
Epoch 16/20
1206/1206 - 3s - 2ms/step - accuracy: 0.9861 - loss: 0.0421 - val_accuracy: 0.9367 - val_loss: 0.3154
Epoch 17/20
1206/1206 - 3s - 2ms/step - accuracy: 0.9851 - loss: 0.0485 - val_accuracy: 0.9592 - val_loss: 0.2525
Epoch 18/20
1206/1206 - 3s - 2ms/step - accuracy: 0.9898 - loss: 0.0376 - val_accuracy: 0.9567 - val_loss: 0.2453
Epoch 19/20
1206/1206 - 3s - 2ms/step - accuracy: 0.9878 - loss: 0.0439 - val_accuracy: 0.9542 - val_loss: 0.2992
Epoch 20/20
1206/1206 - 3s - 2ms/step - accuracy: 0.9921 - loss: 0.0289 - val_accuracy: 0.9567 - val_loss: 0.2704
WARNING:tensorflow:5 out of the last 18 calls to <function TensorFlowTrainer.make_predict_function.<locals>.one_step_on_data_distributed at 0x14884feb0> triggered tf.function retracing. Tracing is expensive and the excessive number of tracings could be due to (1) creating @tf.function repeatedly in a loop, (2) passing tensors with different shapes, (3) passing Python objects instead of tensors. For (1), please define your @tf.function outside of the loop. For (2), @tf.function has reduce_retracing=True option that can avoid unnecessary retracing. For (3), please refer to https://www.tensorflow.org/guide/function#controlling_retracing and https://www.tensorflow.org/api_docs/python/tf/function for  more details.
    train_acc=0.9921 val_acc=0.9567 test_acc=0.9568
    precision=0.9589 recall=0.9568 f1=0.9538
    tiempo=55.2s — guardado en /Users/abelalbuez/Documents/Maestria/Tercer Semestre/Aprendizaje Profundo/deep-learning-class/traffic-sign-cnn-classifier/outputs/models/model1_e20_bs4.keras

--- Ejecutando model1_e20_bs16 ---
Found 4823 images belonging to 10 classes.
Found 1201 images belonging to 10 classes.
Found 324 images belonging to 10 classes.
Epoch 1/20
302/302 - 3s - 10ms/step - accuracy: 0.7522 - loss: 0.8030 - val_accuracy: 0.8568 - val_loss: 0.4807
Epoch 2/20
302/302 - 2s - 7ms/step - accuracy: 0.8833 - loss: 0.3994 - val_accuracy: 0.9134 - val_loss: 0.3526
Epoch 3/20
302/302 - 2s - 8ms/step - accuracy: 0.9158 - loss: 0.3076 - val_accuracy: 0.9226 - val_loss: 0.2738
Epoch 4/20
302/302 - 2s - 7ms/step - accuracy: 0.9349 - loss: 0.2441 - val_accuracy: 0.9001 - val_loss: 0.3581
Epoch 5/20
302/302 - 2s - 7ms/step - accuracy: 0.9434 - loss: 0.2001 - val_accuracy: 0.9209 - val_loss: 0.2711
Epoch 6/20
302/302 - 2s - 7ms/step - accuracy: 0.9523 - loss: 0.1631 - val_accuracy: 0.9359 - val_loss: 0.2657
Epoch 7/20
302/302 - 2s - 8ms/step - accuracy: 0.9581 - loss: 0.1536 - val_accuracy: 0.9459 - val_loss: 0.2211
Epoch 8/20
302/302 - 2s - 7ms/step - accuracy: 0.9631 - loss: 0.1290 - val_accuracy: 0.9317 - val_loss: 0.2592
Epoch 9/20
302/302 - 2s - 7ms/step - accuracy: 0.9650 - loss: 0.1228 - val_accuracy: 0.9351 - val_loss: 0.2549
Epoch 10/20
302/302 - 2s - 8ms/step - accuracy: 0.9728 - loss: 0.1020 - val_accuracy: 0.9525 - val_loss: 0.2047
Epoch 11/20
302/302 - 2s - 8ms/step - accuracy: 0.9774 - loss: 0.0858 - val_accuracy: 0.9450 - val_loss: 0.2810
Epoch 12/20
302/302 - 2s - 8ms/step - accuracy: 0.9768 - loss: 0.0824 - val_accuracy: 0.9500 - val_loss: 0.2420
Epoch 13/20
302/302 - 2s - 8ms/step - accuracy: 0.9815 - loss: 0.0753 - val_accuracy: 0.9484 - val_loss: 0.2327
Epoch 14/20
302/302 - 2s - 8ms/step - accuracy: 0.9811 - loss: 0.0649 - val_accuracy: 0.9550 - val_loss: 0.2134
Epoch 15/20
302/302 - 2s - 8ms/step - accuracy: 0.9847 - loss: 0.0585 - val_accuracy: 0.9517 - val_loss: 0.2454
Epoch 16/20
302/302 - 2s - 8ms/step - accuracy: 0.9847 - loss: 0.0530 - val_accuracy: 0.9584 - val_loss: 0.2140
Epoch 17/20
302/302 - 2s - 7ms/step - accuracy: 0.9809 - loss: 0.0674 - val_accuracy: 0.9450 - val_loss: 0.2420
Epoch 18/20
302/302 - 2s - 7ms/step - accuracy: 0.9882 - loss: 0.0444 - val_accuracy: 0.9600 - val_loss: 0.2032
Epoch 19/20
302/302 - 2s - 7ms/step - accuracy: 0.9869 - loss: 0.0457 - val_accuracy: 0.9609 - val_loss: 0.2001
Epoch 20/20
302/302 - 2s - 7ms/step - accuracy: 0.9859 - loss: 0.0456 - val_accuracy: 0.9550 - val_loss: 0.2238
    train_acc=0.9859 val_acc=0.955 test_acc=0.9537
    precision=0.9521 recall=0.9537 f1=0.9515
    tiempo=46.3s — guardado en /Users/abelalbuez/Documents/Maestria/Tercer Semestre/Aprendizaje Profundo/deep-learning-class/traffic-sign-cnn-classifier/outputs/models/model1_e20_bs16.keras

--- Ejecutando model1_e20_bs32 ---
Found 4823 images belonging to 10 classes.
Found 1201 images belonging to 10 classes.
Found 324 images belonging to 10 classes.
Epoch 1/20
151/151 - 3s - 17ms/step - accuracy: 0.6973 - loss: 0.9603 - val_accuracy: 0.7902 - val_loss: 0.6369
Epoch 2/20
151/151 - 2s - 13ms/step - accuracy: 0.8515 - loss: 0.5222 - val_accuracy: 0.8884 - val_loss: 0.4187
Epoch 3/20
151/151 - 2s - 13ms/step - accuracy: 0.8932 - loss: 0.3992 - val_accuracy: 0.9076 - val_loss: 0.3507
Epoch 4/20
151/151 - 2s - 13ms/step - accuracy: 0.9063 - loss: 0.3274 - val_accuracy: 0.9176 - val_loss: 0.3319
Epoch 5/20
151/151 - 2s - 13ms/step - accuracy: 0.9220 - loss: 0.2877 - val_accuracy: 0.8909 - val_loss: 0.3514
Epoch 6/20
151/151 - 2s - 11ms/step - accuracy: 0.9274 - loss: 0.2620 - val_accuracy: 0.9251 - val_loss: 0.2719
Epoch 7/20
151/151 - 2s - 11ms/step - accuracy: 0.9380 - loss: 0.2303 - val_accuracy: 0.9042 - val_loss: 0.3123
Epoch 8/20
151/151 - 2s - 12ms/step - accuracy: 0.9405 - loss: 0.2124 - val_accuracy: 0.9201 - val_loss: 0.3024
Epoch 9/20
151/151 - 2s - 12ms/step - accuracy: 0.9496 - loss: 0.1801 - val_accuracy: 0.9284 - val_loss: 0.2544
Epoch 10/20
151/151 - 2s - 11ms/step - accuracy: 0.9544 - loss: 0.1638 - val_accuracy: 0.9309 - val_loss: 0.2352
Epoch 11/20
151/151 - 2s - 12ms/step - accuracy: 0.9583 - loss: 0.1540 - val_accuracy: 0.9434 - val_loss: 0.2202
Epoch 12/20
151/151 - 2s - 14ms/step - accuracy: 0.9575 - loss: 0.1439 - val_accuracy: 0.9367 - val_loss: 0.2361
Epoch 13/20
151/151 - 2s - 12ms/step - accuracy: 0.9612 - loss: 0.1391 - val_accuracy: 0.9442 - val_loss: 0.2115
Epoch 14/20
151/151 - 2s - 11ms/step - accuracy: 0.9712 - loss: 0.1126 - val_accuracy: 0.9492 - val_loss: 0.2040
Epoch 15/20
151/151 - 2s - 12ms/step - accuracy: 0.9712 - loss: 0.1093 - val_accuracy: 0.9425 - val_loss: 0.2381
Epoch 16/20
151/151 - 2s - 13ms/step - accuracy: 0.9679 - loss: 0.1074 - val_accuracy: 0.9450 - val_loss: 0.2041
Epoch 17/20
151/151 - 2s - 13ms/step - accuracy: 0.9728 - loss: 0.1010 - val_accuracy: 0.9550 - val_loss: 0.2013
Epoch 18/20
151/151 - 2s - 12ms/step - accuracy: 0.9795 - loss: 0.0834 - val_accuracy: 0.9550 - val_loss: 0.1994
Epoch 19/20
151/151 - 2s - 12ms/step - accuracy: 0.9786 - loss: 0.0787 - val_accuracy: 0.9542 - val_loss: 0.2098
Epoch 20/20
151/151 - 2s - 13ms/step - accuracy: 0.9797 - loss: 0.0748 - val_accuracy: 0.9584 - val_loss: 0.2099
    train_acc=0.9797 val_acc=0.9584 test_acc=0.9722
    precision=0.973 recall=0.9722 f1=0.971
    tiempo=37.9s — guardado en /Users/abelalbuez/Documents/Maestria/Tercer Semestre/Aprendizaje Profundo/deep-learning-class/traffic-sign-cnn-classifier/outputs/models/model1_e20_bs32.keras

--- Ejecutando model1_e20_bs64 ---
Found 4823 images belonging to 10 classes.
Found 1201 images belonging to 10 classes.
Found 324 images belonging to 10 classes.
Epoch 1/20
76/76 - 3s - 36ms/step - accuracy: 0.6284 - loss: 1.1659 - val_accuracy: 0.7585 - val_loss: 0.7434
Epoch 2/20
76/76 - 2s - 22ms/step - accuracy: 0.8053 - loss: 0.6419 - val_accuracy: 0.8152 - val_loss: 0.5711
Epoch 3/20
76/76 - 2s - 24ms/step - accuracy: 0.8650 - loss: 0.4804 - val_accuracy: 0.8851 - val_loss: 0.4141
Epoch 4/20
76/76 - 2s - 24ms/step - accuracy: 0.8831 - loss: 0.4154 - val_accuracy: 0.8951 - val_loss: 0.3808
Epoch 5/20
76/76 - 2s - 22ms/step - accuracy: 0.8982 - loss: 0.3653 - val_accuracy: 0.9076 - val_loss: 0.3434
Epoch 6/20
76/76 - 2s - 24ms/step - accuracy: 0.9146 - loss: 0.3123 - val_accuracy: 0.9067 - val_loss: 0.3251
Epoch 7/20
76/76 - 2s - 23ms/step - accuracy: 0.9187 - loss: 0.2998 - val_accuracy: 0.8776 - val_loss: 0.3606
Epoch 8/20
76/76 - 2s - 23ms/step - accuracy: 0.9283 - loss: 0.2623 - val_accuracy: 0.9242 - val_loss: 0.2622
Epoch 9/20
76/76 - 2s - 21ms/step - accuracy: 0.9337 - loss: 0.2382 - val_accuracy: 0.9201 - val_loss: 0.2564
Epoch 10/20
76/76 - 2s - 21ms/step - accuracy: 0.9368 - loss: 0.2334 - val_accuracy: 0.9251 - val_loss: 0.2403
Epoch 11/20
76/76 - 2s - 22ms/step - accuracy: 0.9430 - loss: 0.2118 - val_accuracy: 0.9226 - val_loss: 0.2530
Epoch 12/20
76/76 - 2s - 22ms/step - accuracy: 0.9496 - loss: 0.1894 - val_accuracy: 0.9309 - val_loss: 0.2436
Epoch 13/20
76/76 - 1s - 20ms/step - accuracy: 0.9509 - loss: 0.1753 - val_accuracy: 0.9284 - val_loss: 0.2548
Epoch 14/20
76/76 - 2s - 22ms/step - accuracy: 0.9575 - loss: 0.1643 - val_accuracy: 0.9409 - val_loss: 0.2286
Epoch 15/20
76/76 - 2s - 21ms/step - accuracy: 0.9608 - loss: 0.1510 - val_accuracy: 0.9392 - val_loss: 0.2135
Epoch 16/20
76/76 - 2s - 20ms/step - accuracy: 0.9579 - loss: 0.1507 - val_accuracy: 0.9417 - val_loss: 0.2199
Epoch 17/20
76/76 - 2s - 23ms/step - accuracy: 0.9666 - loss: 0.1365 - val_accuracy: 0.9376 - val_loss: 0.2182
Epoch 18/20
76/76 - 2s - 21ms/step - accuracy: 0.9654 - loss: 0.1294 - val_accuracy: 0.9484 - val_loss: 0.1992
Epoch 19/20
76/76 - 2s - 24ms/step - accuracy: 0.9670 - loss: 0.1259 - val_accuracy: 0.9251 - val_loss: 0.2472
Epoch 20/20
76/76 - 3s - 41ms/step - accuracy: 0.9654 - loss: 0.1243 - val_accuracy: 0.9425 - val_loss: 0.2131
    train_acc=0.9654 val_acc=0.9425 test_acc=0.9444
    precision=0.9487 recall=0.9444 f1=0.9433
    tiempo=36.3s — guardado en /Users/abelalbuez/Documents/Maestria/Tercer Semestre/Aprendizaje Profundo/deep-learning-class/traffic-sign-cnn-classifier/outputs/models/model1_e20_bs64.keras

--- Ejecutando model1_e30_bs4 ---
Found 4823 images belonging to 10 classes.
Found 1201 images belonging to 10 classes.
Found 324 images belonging to 10 classes.
Epoch 1/30
1206/1206 - 3s - 3ms/step - accuracy: 0.7951 - loss: 0.6809 - val_accuracy: 0.8726 - val_loss: 0.4548
Epoch 2/30
1206/1206 - 3s - 3ms/step - accuracy: 0.9003 - loss: 0.3527 - val_accuracy: 0.9042 - val_loss: 0.3155
Epoch 3/30
1206/1206 - 2s - 2ms/step - accuracy: 0.9227 - loss: 0.2680 - val_accuracy: 0.9217 - val_loss: 0.2632
Epoch 4/30
1206/1206 - 3s - 2ms/step - accuracy: 0.9366 - loss: 0.2109 - val_accuracy: 0.9126 - val_loss: 0.3148
Epoch 5/30
1206/1206 - 3s - 2ms/step - accuracy: 0.9527 - loss: 0.1674 - val_accuracy: 0.9376 - val_loss: 0.2433
Epoch 6/30
1206/1206 - 3s - 2ms/step - accuracy: 0.9604 - loss: 0.1331 - val_accuracy: 0.9226 - val_loss: 0.2777
Epoch 7/30
1206/1206 - 3s - 2ms/step - accuracy: 0.9643 - loss: 0.1194 - val_accuracy: 0.9334 - val_loss: 0.2451
Epoch 8/30
1206/1206 - 3s - 2ms/step - accuracy: 0.9706 - loss: 0.1048 - val_accuracy: 0.9409 - val_loss: 0.2283
Epoch 9/30
1206/1206 - 3s - 2ms/step - accuracy: 0.9741 - loss: 0.0898 - val_accuracy: 0.9450 - val_loss: 0.2084
Epoch 10/30
1206/1206 - 3s - 2ms/step - accuracy: 0.9747 - loss: 0.0895 - val_accuracy: 0.9575 - val_loss: 0.1970
Epoch 11/30
1206/1206 - 3s - 2ms/step - accuracy: 0.9786 - loss: 0.0669 - val_accuracy: 0.9584 - val_loss: 0.2063
Epoch 12/30
1206/1206 - 2s - 2ms/step - accuracy: 0.9803 - loss: 0.0670 - val_accuracy: 0.9567 - val_loss: 0.2154
Epoch 13/30
1206/1206 - 2s - 2ms/step - accuracy: 0.9815 - loss: 0.0588 - val_accuracy: 0.9525 - val_loss: 0.2520
Epoch 14/30
1206/1206 - 3s - 2ms/step - accuracy: 0.9782 - loss: 0.0694 - val_accuracy: 0.9500 - val_loss: 0.2150
Epoch 15/30
1206/1206 - 2s - 2ms/step - accuracy: 0.9871 - loss: 0.0467 - val_accuracy: 0.9575 - val_loss: 0.2524
Epoch 16/30
1206/1206 - 2s - 2ms/step - accuracy: 0.9832 - loss: 0.0551 - val_accuracy: 0.9400 - val_loss: 0.3135
Epoch 17/30
1206/1206 - 2s - 2ms/step - accuracy: 0.9888 - loss: 0.0400 - val_accuracy: 0.9484 - val_loss: 0.3205
Epoch 18/30
1206/1206 - 2s - 2ms/step - accuracy: 0.9871 - loss: 0.0438 - val_accuracy: 0.9517 - val_loss: 0.2307
Epoch 19/30
1206/1206 - 2s - 2ms/step - accuracy: 0.9932 - loss: 0.0259 - val_accuracy: 0.9559 - val_loss: 0.2591
Epoch 20/30
1206/1206 - 2s - 2ms/step - accuracy: 0.9884 - loss: 0.0368 - val_accuracy: 0.9484 - val_loss: 0.3423
Epoch 21/30
1206/1206 - 2s - 2ms/step - accuracy: 0.9884 - loss: 0.0379 - val_accuracy: 0.9509 - val_loss: 0.2499
Epoch 22/30
1206/1206 - 2s - 2ms/step - accuracy: 0.9888 - loss: 0.0413 - val_accuracy: 0.9559 - val_loss: 0.2759
Epoch 23/30
1206/1206 - 2s - 2ms/step - accuracy: 0.9876 - loss: 0.0422 - val_accuracy: 0.9409 - val_loss: 0.3843
Epoch 24/30
1206/1206 - 2s - 2ms/step - accuracy: 0.9905 - loss: 0.0322 - val_accuracy: 0.9617 - val_loss: 0.2967
Epoch 25/30
1206/1206 - 3s - 2ms/step - accuracy: 0.9919 - loss: 0.0268 - val_accuracy: 0.9575 - val_loss: 0.3134
Epoch 26/30
1206/1206 - 2s - 2ms/step - accuracy: 0.9892 - loss: 0.0411 - val_accuracy: 0.9542 - val_loss: 0.3085
Epoch 27/30
1206/1206 - 3s - 2ms/step - accuracy: 0.9938 - loss: 0.0240 - val_accuracy: 0.9525 - val_loss: 0.3046
Epoch 28/30
1206/1206 - 3s - 2ms/step - accuracy: 0.9925 - loss: 0.0266 - val_accuracy: 0.9484 - val_loss: 0.3119
Epoch 29/30
1206/1206 - 2s - 2ms/step - accuracy: 0.9911 - loss: 0.0297 - val_accuracy: 0.9600 - val_loss: 0.2887
Epoch 30/30
1206/1206 - 2s - 2ms/step - accuracy: 0.9890 - loss: 0.0373 - val_accuracy: 0.9617 - val_loss: 0.3228
WARNING:tensorflow:5 out of the last 18 calls to <function TensorFlowTrainer.make_predict_function.<locals>.one_step_on_data_distributed at 0x14884f910> triggered tf.function retracing. Tracing is expensive and the excessive number of tracings could be due to (1) creating @tf.function repeatedly in a loop, (2) passing tensors with different shapes, (3) passing Python objects instead of tensors. For (1), please define your @tf.function outside of the loop. For (2), @tf.function has reduce_retracing=True option that can avoid unnecessary retracing. For (3), please refer to https://www.tensorflow.org/guide/function#controlling_retracing and https://www.tensorflow.org/api_docs/python/tf/function for  more details.
    train_acc=0.989 val_acc=0.9617 test_acc=0.9722
    precision=0.974 recall=0.9722 f1=0.9717
    tiempo=75.1s — guardado en /Users/abelalbuez/Documents/Maestria/Tercer Semestre/Aprendizaje Profundo/deep-learning-class/traffic-sign-cnn-classifier/outputs/models/model1_e30_bs4.keras

--- Ejecutando model1_e30_bs16 ---
Found 4823 images belonging to 10 classes.
Found 1201 images belonging to 10 classes.
Found 324 images belonging to 10 classes.
Epoch 1/30
302/302 - 3s - 9ms/step - accuracy: 0.7657 - loss: 0.7657 - val_accuracy: 0.8410 - val_loss: 0.5068
Epoch 2/30
302/302 - 2s - 6ms/step - accuracy: 0.8868 - loss: 0.3992 - val_accuracy: 0.9017 - val_loss: 0.3404
Epoch 3/30
302/302 - 2s - 6ms/step - accuracy: 0.9206 - loss: 0.3007 - val_accuracy: 0.9192 - val_loss: 0.2839
Epoch 4/30
302/302 - 2s - 6ms/step - accuracy: 0.9339 - loss: 0.2484 - val_accuracy: 0.9301 - val_loss: 0.2701
Epoch 5/30
302/302 - 2s - 6ms/step - accuracy: 0.9453 - loss: 0.2023 - val_accuracy: 0.9301 - val_loss: 0.2410
Epoch 6/30
302/302 - 2s - 7ms/step - accuracy: 0.9511 - loss: 0.1801 - val_accuracy: 0.9259 - val_loss: 0.2652
Epoch 7/30
302/302 - 2s - 7ms/step - accuracy: 0.9612 - loss: 0.1522 - val_accuracy: 0.9475 - val_loss: 0.2036
Epoch 8/30
302/302 - 2s - 7ms/step - accuracy: 0.9641 - loss: 0.1347 - val_accuracy: 0.9417 - val_loss: 0.2170
Epoch 9/30
302/302 - 2s - 6ms/step - accuracy: 0.9668 - loss: 0.1269 - val_accuracy: 0.9534 - val_loss: 0.1938
Epoch 10/30
302/302 - 3s - 9ms/step - accuracy: 0.9704 - loss: 0.1083 - val_accuracy: 0.9492 - val_loss: 0.2028
Epoch 11/30
302/302 - 2s - 6ms/step - accuracy: 0.9710 - loss: 0.1022 - val_accuracy: 0.9450 - val_loss: 0.2640
Epoch 12/30
302/302 - 2s - 7ms/step - accuracy: 0.9762 - loss: 0.0923 - val_accuracy: 0.9550 - val_loss: 0.2023
Epoch 13/30
302/302 - 2s - 7ms/step - accuracy: 0.9757 - loss: 0.0849 - val_accuracy: 0.9567 - val_loss: 0.2097
Epoch 14/30
302/302 - 2s - 7ms/step - accuracy: 0.9791 - loss: 0.0710 - val_accuracy: 0.9592 - val_loss: 0.1837
Epoch 15/30
302/302 - 2s - 6ms/step - accuracy: 0.9799 - loss: 0.0641 - val_accuracy: 0.9575 - val_loss: 0.1930
Epoch 16/30
302/302 - 2s - 6ms/step - accuracy: 0.9820 - loss: 0.0623 - val_accuracy: 0.9584 - val_loss: 0.1916
Epoch 17/30
302/302 - 2s - 6ms/step - accuracy: 0.9840 - loss: 0.0558 - val_accuracy: 0.9342 - val_loss: 0.2739
Epoch 18/30
302/302 - 2s - 6ms/step - accuracy: 0.9884 - loss: 0.0459 - val_accuracy: 0.9584 - val_loss: 0.2071
Epoch 19/30
302/302 - 2s - 6ms/step - accuracy: 0.9886 - loss: 0.0426 - val_accuracy: 0.9550 - val_loss: 0.2033
Epoch 20/30
302/302 - 2s - 6ms/step - accuracy: 0.9913 - loss: 0.0350 - val_accuracy: 0.9617 - val_loss: 0.2153
Epoch 21/30
302/302 - 2s - 6ms/step - accuracy: 0.9888 - loss: 0.0374 - val_accuracy: 0.9484 - val_loss: 0.2581
Epoch 22/30
302/302 - 2s - 6ms/step - accuracy: 0.9884 - loss: 0.0401 - val_accuracy: 0.9634 - val_loss: 0.2087
Epoch 23/30
302/302 - 2s - 6ms/step - accuracy: 0.9886 - loss: 0.0422 - val_accuracy: 0.9600 - val_loss: 0.2044
Epoch 24/30
302/302 - 2s - 7ms/step - accuracy: 0.9859 - loss: 0.0459 - val_accuracy: 0.9600 - val_loss: 0.2271
Epoch 25/30
302/302 - 2s - 6ms/step - accuracy: 0.9932 - loss: 0.0258 - val_accuracy: 0.9609 - val_loss: 0.2271
Epoch 26/30
302/302 - 2s - 7ms/step - accuracy: 0.9927 - loss: 0.0242 - val_accuracy: 0.9625 - val_loss: 0.2411
Epoch 27/30
302/302 - 2s - 6ms/step - accuracy: 0.9900 - loss: 0.0361 - val_accuracy: 0.9542 - val_loss: 0.2395
Epoch 28/30
302/302 - 2s - 7ms/step - accuracy: 0.9942 - loss: 0.0243 - val_accuracy: 0.9592 - val_loss: 0.2651
Epoch 29/30
302/302 - 2s - 7ms/step - accuracy: 0.9876 - loss: 0.0397 - val_accuracy: 0.9567 - val_loss: 0.2631
Epoch 30/30
302/302 - 2s - 7ms/step - accuracy: 0.9950 - loss: 0.0169 - val_accuracy: 0.9625 - val_loss: 0.2525
    train_acc=0.995 val_acc=0.9625 test_acc=0.9568
    precision=0.9588 recall=0.9568 f1=0.956
    tiempo=60.2s — guardado en /Users/abelalbuez/Documents/Maestria/Tercer Semestre/Aprendizaje Profundo/deep-learning-class/traffic-sign-cnn-classifier/outputs/models/model1_e30_bs16.keras

--- Ejecutando model1_e30_bs32 ---
Found 4823 images belonging to 10 classes.
Found 1201 images belonging to 10 classes.
Found 324 images belonging to 10 classes.
Epoch 1/30
151/151 - 2s - 16ms/step - accuracy: 0.6716 - loss: 1.0027 - val_accuracy: 0.8127 - val_loss: 0.6635
Epoch 2/30
151/151 - 2s - 11ms/step - accuracy: 0.8617 - loss: 0.4874 - val_accuracy: 0.8918 - val_loss: 0.3911
Epoch 3/30
151/151 - 2s - 11ms/step - accuracy: 0.9003 - loss: 0.3536 - val_accuracy: 0.8993 - val_loss: 0.3727
Epoch 4/30
151/151 - 2s - 11ms/step - accuracy: 0.9222 - loss: 0.2938 - val_accuracy: 0.9126 - val_loss: 0.2823
Epoch 5/30
151/151 - 2s - 11ms/step - accuracy: 0.9260 - loss: 0.2586 - val_accuracy: 0.9209 - val_loss: 0.2691
Epoch 6/30
151/151 - 2s - 11ms/step - accuracy: 0.9376 - loss: 0.2328 - val_accuracy: 0.9317 - val_loss: 0.2360
Epoch 7/30
151/151 - 2s - 11ms/step - accuracy: 0.9419 - loss: 0.1976 - val_accuracy: 0.9276 - val_loss: 0.2326
Epoch 8/30
151/151 - 2s - 11ms/step - accuracy: 0.9459 - loss: 0.1862 - val_accuracy: 0.9234 - val_loss: 0.2790
Epoch 9/30
151/151 - 2s - 10ms/step - accuracy: 0.9500 - loss: 0.1640 - val_accuracy: 0.9467 - val_loss: 0.2173
Epoch 10/30
151/151 - 2s - 11ms/step - accuracy: 0.9604 - loss: 0.1487 - val_accuracy: 0.9434 - val_loss: 0.2071
Epoch 11/30
151/151 - 2s - 11ms/step - accuracy: 0.9608 - loss: 0.1364 - val_accuracy: 0.9409 - val_loss: 0.2180
Epoch 12/30
151/151 - 2s - 12ms/step - accuracy: 0.9658 - loss: 0.1199 - val_accuracy: 0.9509 - val_loss: 0.1925
Epoch 13/30
151/151 - 2s - 11ms/step - accuracy: 0.9691 - loss: 0.1111 - val_accuracy: 0.9509 - val_loss: 0.1917
Epoch 14/30
151/151 - 2s - 10ms/step - accuracy: 0.9735 - loss: 0.1043 - val_accuracy: 0.9450 - val_loss: 0.2231
Epoch 15/30
151/151 - 2s - 11ms/step - accuracy: 0.9728 - loss: 0.1018 - val_accuracy: 0.9550 - val_loss: 0.1842
Epoch 16/30
151/151 - 2s - 14ms/step - accuracy: 0.9724 - loss: 0.0949 - val_accuracy: 0.9542 - val_loss: 0.1850
Epoch 17/30
151/151 - 2s - 12ms/step - accuracy: 0.9762 - loss: 0.0832 - val_accuracy: 0.9525 - val_loss: 0.2090
Epoch 18/30
151/151 - 2s - 11ms/step - accuracy: 0.9749 - loss: 0.0840 - val_accuracy: 0.9534 - val_loss: 0.2113
Epoch 19/30
151/151 - 2s - 13ms/step - accuracy: 0.9791 - loss: 0.0719 - val_accuracy: 0.9559 - val_loss: 0.1793
Epoch 20/30
151/151 - 2s - 11ms/step - accuracy: 0.9815 - loss: 0.0671 - val_accuracy: 0.9534 - val_loss: 0.1943
Epoch 21/30
151/151 - 2s - 11ms/step - accuracy: 0.9844 - loss: 0.0623 - val_accuracy: 0.9584 - val_loss: 0.1864
Epoch 22/30
151/151 - 2s - 12ms/step - accuracy: 0.9799 - loss: 0.0717 - val_accuracy: 0.9500 - val_loss: 0.2011
Epoch 23/30
151/151 - 2s - 14ms/step - accuracy: 0.9867 - loss: 0.0544 - val_accuracy: 0.9525 - val_loss: 0.2026
Epoch 24/30
151/151 - 2s - 12ms/step - accuracy: 0.9857 - loss: 0.0509 - val_accuracy: 0.9292 - val_loss: 0.2555
Epoch 25/30
